====================================================================
STAGE 1  simulate
====================================================================
[sim] population 100,000 accounts over 63 days
[sim] normal activity: 21,201,563 txns  (21.7s)
[sim] 191 mules across 8 rings are UNLABELLED (never confirmed) -- they count as negatives in every metric
[sim] 5,895 legitimate accounts start mid-window (new shop, new treasurer, new side income)
[sim] rings: 20  mules: 352 (0.35%)  subtle 321 / blatant 31
[sim] transactions: 19,140,453
[sim] wrote data/transactions.parquet, data/accounts.parquet, data/external_nodes.parquet, data/rings.parquet  (31.8s)

====================================================================
STAGE 2  account features
====================================================================
  100,000 accounts x 24 account features (44s)

====================================================================
STAGE 3  graph features
====================================================================
  + 13 graph features, 3,575 clusters (50s)
  wrote data/features_graph.parquet

====================================================================
STAGE 4  ablation
====================================================================
  population 100,000  mules 352 (0.35%)  alert budget 200/day


--- A: raw behaviour ---
  population 100,000  mules 352 (0.35%)
  PR-AUC              0.766
  Precision@200        0.785
  Recall@200           0.446
  blatant  P@200 0.135  R@200 0.871  PR-AUC 0.176
  subtle   P@200 0.760  R@200 0.474  PR-AUC 0.757
  (ROC-AUC 0.999 -- reported only to show how much it flatters)

--- B: + self-baseline ---
  population 100,000  mules 352 (0.35%)
  PR-AUC              0.837
  Precision@200        0.880
  Recall@200           0.500
  blatant  P@200 0.140  R@200 0.903  PR-AUC 0.359
  subtle   P@200 0.855  R@200 0.533  PR-AUC 0.826
  (ROC-AUC 0.998 -- reported only to show how much it flatters)

--- C: + graph ---
  population 100,000  mules 352 (0.35%)
  PR-AUC              0.997
  Precision@200        1.000
  Recall@200           0.568
  blatant  P@200 0.155  R@200 1.000  PR-AUC 0.900
  subtle   P@200 1.000  R@200 0.623  PR-AUC 0.998
  (ROC-AUC 1.000 -- reported only to show how much it flatters)

====================================================================
ABLATION  -- what each layer actually buys
====================================================================
            config  PR-AUC  P@200  R@200  blatant R  subtle R  subtle P
  A: raw behaviour   0.766  0.785  0.446      0.871     0.474     0.760
B: + self-baseline   0.837  0.880  0.500      0.903     0.533     0.855
        C: + graph   0.997  1.000  0.568      1.000     0.623     1.000

====================================================================
COST CURVE  -- value prevented vs users disrupted
====================================================================
 budget  caught  false_positives  precision   recall  value_prevented  review_cost  net_value
    200     200                0      1.000 0.568182       50000000.0      40000.0 49960000.0
    500     352              148      0.704 1.000000       88000000.0     100000.0 87900000.0
   1000     352              648      0.352 1.000000       88000000.0     200000.0 87800000.0
   2000     352             1648      0.176 1.000000       88000000.0     400000.0 87600000.0
   4000     352             3648      0.088 1.000000       88000000.0     800000.0 87200000.0

total 64s
